# serializer version: 1
# name: test_get_v1_metrics
  list([
    V1Metric(metric_id='LIQUIDITY_BID_LOGBPS1597', description=UNSET),
    V1Metric(metric_id='GREEKS_VEGA', description=UNSET),
    V1Metric(metric_id='PRICE_ASK_LOGBPS1000', description=UNSET),
    V1Metric(metric_id='DERIVATIVES_MARK_PRICE', description=UNSET),
    V1Metric(metric_id='LIQUIDATION_ORDER_TYPE', description=UNSET),
    V1Metric(metric_id='LIQUIDATION_INDEX_PRICE', description=UNSET),
    V1Metric(metric_id='LIQUIDITY_BID_LOGBPS34', description=UNSET),
    V1Metric(metric_id='PRICE_BID_LOGBPS10', description=UNSET),
    V1Metric(metric_id='IV_UNDERLYING_PRICE', description=UNSET),
    V1Metric(metric_id='PRICE_BID_LOGBPS3', description=UNSET),
    V1Metric(metric_id='LIQUIDITY_ASK_LOGBPS10', description=UNSET),
    V1Metric(metric_id='TICKSIZE_SIZE', description=UNSET),
    V1Metric(metric_id='LIQUIDITY_ASK_LOGBPS1000', description=UNSET),
    V1Metric(metric_id='LIQUIDATION_TYPE', description=UNSET),
    V1Metric(metric_id='LIQUIDITY_BID_LOGBPS4181', description=UNSET),
    V1Metric(metric_id='IV_BID', description=UNSET),
    V1Metric(metric_id='LIQUIDATION_QUANTITY', description=UNSET),
    V1Metric(metric_id='DERIVATIVES_SETTLEMENT_PRICE', description=UNSET),
    V1Metric(metric_id='LIQUIDATION_ORDER_ID', description=UNSET),
    V1Metric(metric_id='PRICE_BID_LOGBPS1000', description=UNSET),
    V1Metric(metric_id='LIQUIDATION_CURRENCY', description=UNSET),
    V1Metric(metric_id='DERIVATIVES_FUNDING_RATE_CURRENT', description=UNSET),
    V1Metric(metric_id='PRICE_BID_LOGBPS2', description=UNSET),
    V1Metric(metric_id='PRICE_BIDASK_SPREAD_SIZE', description=UNSET),
    V1Metric(metric_id='LIQUIDITY_BID_TOTAL', description=UNSET),
    V1Metric(metric_id='CREDIT_SIZE_USED', description=UNSET),
    V1Metric(metric_id='DERIVATIVES_OPEN_INTEREST', description=UNSET),
    V1Metric(metric_id='LIQUIDITY_ASK_LOGBPS55', description=UNSET),
    V1Metric(metric_id='IV_INTEREST_RATE', description=UNSET),
    V1Metric(metric_id='DERIVATIVES_OPEN_INTEREST_TRADE_AMOUNT', description=UNSET),
    V1Metric(metric_id='LIQUIDATION_IS_MARKET_SOLD', description=UNSET),
    V1Metric(metric_id='PRICE_ASK_LOGBPS10000', description=UNSET),
    V1Metric(metric_id='LIQUIDATION_POSITION_SIDE', description=UNSET),
    V1Metric(metric_id='LIQUIDITY_BID_LOGBPS1000', description=UNSET),
    V1Metric(metric_id='LIQUIDATION_ORDER_TRADE_TIME', description=UNSET),
    V1Metric(metric_id='PRICE_BID_LOGBPS233', description=UNSET),
    V1Metric(metric_id='PRICE_BID_LOGBPS10000', description=UNSET),
    V1Metric(metric_id='LIQUIDITY_BID_LOGBPS10', description=UNSET),
    V1Metric(metric_id='PRICE_ASK_LOGBPS55', description=UNSET),
    V1Metric(metric_id='LIQUIDITY_BID_LOGBPS144', description=UNSET),
    V1Metric(metric_id='LIQUIDATION_NUMBER_OF_LOSSES', description=UNSET),
    V1Metric(metric_id='LIQUIDITY_BID_LOGBPS13', description=UNSET),
    V1Metric(metric_id='PRICE_BID_LOGBPS1', description=UNSET),
    V1Metric(metric_id='POSITIONS_SIZE_SHORT', description=UNSET),
    V1Metric(metric_id='PRICE_ASK_LOGBPS6765', description=UNSET),
    V1Metric(metric_id='PRICE_ASK_LOGBPS144', description=UNSET),
    V1Metric(metric_id='POSITIONS_SIZE_LONG', description=UNSET),
    V1Metric(metric_id='GREEKS_RHO', description=UNSET),
    V1Metric(metric_id='DERIVATIVES_ESTIMATED_DELIVERY_PRICE', description=UNSET),
    V1Metric(metric_id='TICKSIZE_PRICE', description=UNSET),
    V1Metric(metric_id='DERIVATIVES_FUNDING_RATE_NEXT', description=UNSET),
    V1Metric(metric_id='PRICE_BID_LOGBPS1597', description=UNSET),
    V1Metric(metric_id='PRICE_BID_LOGBPS144', description=UNSET),
    V1Metric(metric_id='AUCTION_COLLAR_PRICE', description=UNSET),
    V1Metric(metric_id='PRICE_ASK_LOGBPS233', description=UNSET),
    V1Metric(metric_id='LIQUIDITY_ASK_TOTAL', description=UNSET),
    V1Metric(metric_id='PRICE_BID_LOGBPS8', description=UNSET),
    V1Metric(metric_id='PRICE_ASK_LOGBPS8', description=UNSET),
    V1Metric(metric_id='DERIVATIVES_FUNDING_RATE_ESTIMATED', description=UNSET),
    V1Metric(metric_id='LIQUIDATION_TIME', description=UNSET),
    V1Metric(metric_id='PRICE_ASK_LOGBPS5', description=UNSET),
    V1Metric(metric_id='DERIVATIVES_LAST_PRICE', description=UNSET),
    V1Metric(metric_id='LIQUIDATION_PRICE', description=UNSET),
    V1Metric(metric_id='LIQUIDITY_BID_LOGBPS5', description=UNSET),
    V1Metric(metric_id='LIQUIDITY_ASK_LOGBPS100', description=UNSET),
    V1Metric(metric_id='LIQUIDITY_BID_LOGBPS2584', description=UNSET),
    V1Metric(metric_id='DERIVATIVES_MARK_PRICE_IV', description=UNSET),
    V1Metric(metric_id='SYMBOL_DETAILS_TICK_SIZE', description=UNSET),
    V1Metric(metric_id='LIQUIDITY_ASK_LOGBPS1', description=UNSET),
    V1Metric(metric_id='PRICE_ASK_LOGBPS1597', description=UNSET),
    V1Metric(metric_id='PRICE_BID_LOGBPS89', description=UNSET),
    V1Metric(metric_id='LIQUIDATION_INSTRUMENT_ID', description=UNSET),
    V1Metric(metric_id='LIQUIDATION_AVERAGE_PRICE', description=UNSET),
    V1Metric(metric_id='DERIVATIVES_FUNDING_TIME', description=UNSET),
    V1Metric(metric_id='LIQUIDITY_ASK_LOGBPS89', description=UNSET),
    V1Metric(metric_id='PRICE_BID_LOGBPS5', description=UNSET),
    V1Metric(metric_id='CREDIT_SIZE_USED_LONG', description=UNSET),
    V1Metric(metric_id='AUCTION_PRICE', description=UNSET),
    V1Metric(metric_id='PRICE_BID_LOGBPS6765', description=UNSET),
    V1Metric(metric_id='LIQUIDITY_ASK_LOGBPS3', description=UNSET),
    V1Metric(metric_id='PRICE_ASK_LOGBPS100', description=UNSET),
    V1Metric(metric_id='DERIVATIVES_FUNDING_TIME_NEXT', description=UNSET),
    V1Metric(metric_id='LIQUIDITY_BID_LOGBPS2', description=UNSET),
    V1Metric(metric_id='LIQUIDATION_TOTAL_LOSS', description=UNSET),
    V1Metric(metric_id='PRICE_BID_LOGBPS4181', description=UNSET),
    V1Metric(metric_id='LIQUIDITY_ASK_LOGBPS233', description=UNSET),
    V1Metric(metric_id='LIQUIDITY_BID_LOGBPS610', description=UNSET),
    V1Metric(metric_id='PRICE_BID_LOGBPS55', description=UNSET),
    V1Metric(metric_id='PRICE_BID_LOGBPS21', description=UNSET),
    V1Metric(metric_id='PRICE_ASK_LOGBPS21', description=UNSET),
    V1Metric(metric_id='PRICE_BID_LOGBPS987', description=UNSET),
    V1Metric(metric_id='AUCTION_RESULT', description=UNSET),
    V1Metric(metric_id='PRICE_ASK_LOGBPS10', description=UNSET),
    V1Metric(metric_id='LIQUIDATION_TIME_IN_FORCE', description=UNSET),
    V1Metric(metric_id='DERIVATIVES_OPEN_INTEREST_AMOUNT', description=UNSET),
    V1Metric(metric_id='LIQUIDITY_BID_LOGBPS10000', description=UNSET),
    V1Metric(metric_id='STATS_PRICE_LOW_LAST_24H', description=UNSET),
    V1Metric(metric_id='LIQUIDITY_ASK_LOGBPS144', description=UNSET),
    V1Metric(metric_id='STATS_PRICE_HIGH_LAST_24H', description=UNSET),
    V1Metric(metric_id='LIQUIDITY_BID_LOGBPS987', description=UNSET),
    V1Metric(metric_id='AUCTION_QUANTITY', description=UNSET),
    V1Metric(metric_id='AUCTION_LOWEST_ASK', description=UNSET),
    V1Metric(metric_id='IV_ASK', description=UNSET),
    V1Metric(metric_id='PRICE_MID_SPREAD', description=UNSET),
    V1Metric(metric_id='PRICE_ASK_LOGBPS987', description=UNSET),
    V1Metric(metric_id='LIQUIDITY_ASK_LOGBPS610', description=UNSET),
    V1Metric(metric_id='LIQUIDITY_BID_LOGBPS89', description=UNSET),
    V1Metric(metric_id='LIQUIDATION_PAIR', description=UNSET),
    V1Metric(metric_id='LIQUIDITY_ASK_LOGBPS5', description=UNSET),
    V1Metric(metric_id='TRADE_MIN_VALUE_USD', description=UNSET),
    V1Metric(metric_id='LIQUIDITY_BID_SPREAD', description=UNSET),
    V1Metric(metric_id='PRICE_ASK_LOGBPS377', description=UNSET),
    V1Metric(metric_id='GREEKS_THETA', description=UNSET),
    V1Metric(metric_id='LIQUIDITY_ASK_LOGBPS6765', description=UNSET),
    V1Metric(metric_id='PRICE_ASK_LOGBPS89', description=UNSET),
    V1Metric(metric_id='STATS_VOLUME_SUM_LAST_24H', description=UNSET),
    V1Metric(metric_id='AUCTION_HIGHEST_BID', description=UNSET),
    V1Metric(metric_id='LIQUIDITY_ASK_LOGBPS2', description=UNSET),
    V1Metric(metric_id='PRICE_ASK_LOGBPS3', description=UNSET),
    V1Metric(metric_id='LIQUIDITY_ASK_LOGBPS1597', description=UNSET),
    V1Metric(metric_id='LIQUIDITY_BID_LOGBPS3', description=UNSET),
    V1Metric(metric_id='SYMBOL_DETAILS_QUOTE_INCREMENT', description=UNSET),
    V1Metric(metric_id='LIQUIDITY_BID_LOGBPS8', description=UNSET),
    V1Metric(metric_id='PRICE_BID_LOGBPS100', description=UNSET),
    V1Metric(metric_id='PRICE_BID_LOGBPS610', description=UNSET),
    V1Metric(metric_id='LIQUIDATION_TICK_DIRECTION', description=UNSET),
    V1Metric(metric_id='LIQUIDATION_IS_MATCH', description=UNSET),
    V1Metric(metric_id='DERIVATIVES_VOLUME', description=UNSET),
    V1Metric(metric_id='LIQUIDATION_ORDER_STATUS', description=UNSET),
    V1Metric(metric_id='GREEKS_DELTA', description=UNSET),
    V1Metric(metric_id='LIQUIDITY_BID_LOGBPS100', description=UNSET),
    V1Metric(metric_id='DERIVATIVES_OPEN_INTEREST_TRADE_VOLUME', description=UNSET),
    V1Metric(metric_id='PRICE_ASK_LOGBPS2', description=UNSET),
    V1Metric(metric_id='PRICE_BID_LOGBPS2584', description=UNSET),
    V1Metric(metric_id='DERIVATIVES_DELIVERY_PRICE', description=UNSET),
    V1Metric(metric_id='DERIVATIVES_LEVERAGE', description=UNSET),
    V1Metric(metric_id='CREDIT_SIZE_TOTAL', description=UNSET),
    V1Metric(metric_id='LIQUIDITY_BID_LOGBPS21', description=UNSET),
    V1Metric(metric_id='LIQUIDITY_ASK_LOGBPS8', description=UNSET),
    V1Metric(metric_id='PRICE_ASK_LOGBPS2584', description=UNSET),
    V1Metric(metric_id='GREEKS_GAMMA', description=UNSET),
    V1Metric(metric_id='LIQUIDITY_BID_LOGBPS55', description=UNSET),
    V1Metric(metric_id='DERIVATIVES_UPDATE_TIME', description=UNSET),
    V1Metric(metric_id='LIQUIDITY_ASK_LOGBPS10000', description=UNSET),
    V1Metric(metric_id='LIQUIDITY_BID_LOGBPS377', description=UNSET),
    V1Metric(metric_id='LIQUIDITY_ASK_LOGBPS987', description=UNSET),
    V1Metric(metric_id='TRADE_MIN_SIZE', description=UNSET),
    V1Metric(metric_id='LIQUIDATION_ORDER_LAST_FILLED_QUANTITY', description=UNSET),
    V1Metric(metric_id='LIQUIDITY_BID_LOGBPS6765', description=UNSET),
    V1Metric(metric_id='LIQUIDITY_BID_LOGBPS233', description=UNSET),
    V1Metric(metric_id='PRICE_ASK_LOGBPS1', description=UNSET),
    V1Metric(metric_id='LIQUIDITY_ASK_SPREAD', description=UNSET),
    V1Metric(metric_id='LIQUIDATION_INSTRUMENT_TYPE', description=UNSET),
    V1Metric(metric_id='LIQUIDATION_POSITION_ID', description=UNSET),
    V1Metric(metric_id='PRICE_BID_SPREAD', description=UNSET),
    V1Metric(metric_id='CREDIT_SIZE_USED_SHORT', description=UNSET),
    V1Metric(metric_id='PRICE_ASK_LOGBPS610', description=UNSET),
    V1Metric(metric_id='LIQUIDITY_BID_LOGBPS1', description=UNSET),
    V1Metric(metric_id='UNUSED', description=UNSET),
    V1Metric(metric_id='SYMBOL_DETAILS_MIN_ORDER_SIZE', description=UNSET),
    V1Metric(metric_id='PRICE_ASK_LOGBPS4181', description=UNSET),
    V1Metric(metric_id='DERIVATIVES_INDEX_PRICE', description=UNSET),
    V1Metric(metric_id='LIQUIDITY_ASK_LOGBPS377', description=UNSET),
    V1Metric(metric_id='LIQUIDITY_ASK_LOGBPS2584', description=UNSET),
    V1Metric(metric_id='PRICE_ASK_SPREAD', description=UNSET),
    V1Metric(metric_id='PRICE_ASK_LOGBPS13', description=UNSET),
    V1Metric(metric_id='LIQUIDITY_ASK_LOGBPS13', description=UNSET),
    V1Metric(metric_id='LIQUIDITY_ASK_LOGBPS34', description=UNSET),
    V1Metric(metric_id='PRICE_BID_LOGBPS13', description=UNSET),
    V1Metric(metric_id='LIQUIDATION_FILLED_ACCUMULATED_QUANTITY', description=UNSET),
    V1Metric(metric_id='SYMBOL_DETAILS_STATUS', description=UNSET),
    V1Metric(metric_id='LIQUIDITY_ASK_LOGBPS4181', description=UNSET),
    V1Metric(metric_id='PRICE_BID_LOGBPS377', description=UNSET),
    V1Metric(metric_id='LIQUIDATION_SIDE', description=UNSET),
    V1Metric(metric_id='LIQUIDATION_SYMBOL', description=UNSET),
    V1Metric(metric_id='SYMBOL_DETAILS_WRAP_ENABLED', description=UNSET),
    V1Metric(metric_id='PRICE_ASK_LOGBPS34', description=UNSET),
    V1Metric(metric_id='LIQUIDATION_IV', description=UNSET),
    V1Metric(metric_id='LIQUIDITY_ASK_LOGBPS21', description=UNSET),
    V1Metric(metric_id='DERIVATIVES_OPEN_INTEREST_TRADE_TURNOVER', description=UNSET),
    V1Metric(metric_id='LIQUIDATION_MARK_PRICE', description=UNSET),
    V1Metric(metric_id='PRICE_BID_LOGBPS34', description=UNSET),
    V1Metric(metric_id='DERIVATIVES_CREATE_TIME', description=UNSET),
    V1Metric(metric_id='SUPPLY_TOTAL', description=UNSET),
  ])
# ---
# name: test_get_v1_metrics_asset_listing
  list([
  ])
# ---
# name: test_get_v1_metrics_exchange
  list([
  ])
# ---
# name: test_get_v1_metrics_symbol_listing
  list([
  ])
# ---
