# serializer version: 1
# name: test_get_v1_quotes_current
  list([
    V1QuoteTrade(symbol_id='COINBASE_SPOT_BTC_USD', time_exchange=datetime.datetime(2024, 3, 6, 20, 45, 9, 346264, tzinfo=datetime.timezone.utc), time_coinapi=datetime.datetime(2024, 3, 6, 20, 45, 9, 383326, tzinfo=datetime.timezone.utc), ask_price=67030.27, ask_size=0.01647301, bid_price=67027.15, bid_size=0.02, last_trade=V1LastTrade(time_exchange=datetime.datetime(2024, 3, 6, 20, 45, 8, 899970, tzinfo=datetime.timezone.utc), time_coinapi=datetime.datetime(2024, 3, 6, 20, 45, 9, 4143, tzinfo=datetime.timezone.utc), uuid='f91b2ddf-d562-40b8-8995-be6be7c78c93', price=67030.32, size=0.00014042, taker_side='BUY')),
    V1QuoteTrade(symbol_id='COINBASE_SPOT_BTC_USDT', time_exchange=datetime.datetime(2024, 3, 6, 20, 45, 9, 133839, tzinfo=datetime.timezone.utc), time_coinapi=datetime.datetime(2024, 3, 6, 20, 45, 9, 172656, tzinfo=datetime.timezone.utc), ask_price=66877.68, ask_size=0.01311601, bid_price=66859.85, bid_size=0.018, last_trade=V1LastTrade(time_exchange=datetime.datetime(2024, 3, 6, 20, 45, 6, 515415, tzinfo=datetime.timezone.utc), time_coinapi=datetime.datetime(2024, 3, 6, 20, 45, 6, 605595, tzinfo=datetime.timezone.utc), uuid='05d0611a-b060-419a-b641-0b39a0eaa1a8', price=66865.87, size=0.02971099, taker_side='SELL')),
    V1QuoteTrade(symbol_id='KRAKEN_SPOT_BTC_USDT', time_exchange=datetime.datetime(2024, 3, 6, 20, 45, 9, 154484, tzinfo=datetime.timezone.utc), time_coinapi=datetime.datetime(2024, 3, 6, 20, 45, 9, 99616, tzinfo=datetime.timezone.utc), ask_price=66842.8, ask_size=0.07458, bid_price=66840.4, bid_size=0.022, last_trade=V1LastTrade(time_exchange=datetime.datetime(2024, 3, 6, 20, 45, 9, 44201, tzinfo=datetime.timezone.utc), time_coinapi=datetime.datetime(2024, 3, 6, 20, 45, 8, 990075, tzinfo=datetime.timezone.utc), uuid='d1e31613-2c87-422a-a45c-383b4f4baedd', price=66840.3, size=0.0004, taker_side='SELL')),
    V1QuoteTrade(symbol_id='KRAKEN_SPOT_BTC_USDC', time_exchange=datetime.datetime(2024, 3, 6, 20, 45, 9, 531235, tzinfo=datetime.timezone.utc), time_coinapi=datetime.datetime(2024, 3, 6, 20, 45, 9, 475939, tzinfo=datetime.timezone.utc), ask_price=66983.49, ask_size=0.37322634, bid_price=66977.64, bid_size=0.37325885, last_trade=V1LastTrade(time_exchange=datetime.datetime(2024, 3, 6, 20, 44, 55, 127469, tzinfo=datetime.timezone.utc), time_coinapi=datetime.datetime(2024, 3, 6, 20, 44, 55, 73225, tzinfo=datetime.timezone.utc), uuid='270a7cad-0893-4bbc-99e7-f3a82e39d217', price=67020.34, size=0.001822, taker_side='SELL')),
    V1QuoteTrade(symbol_id='KRAKEN_SPOT_BTC_USD', time_exchange=datetime.datetime(2024, 3, 6, 20, 45, 9, 553177, tzinfo=datetime.timezone.utc), time_coinapi=datetime.datetime(2024, 3, 6, 20, 45, 9, 492070, tzinfo=datetime.timezone.utc), ask_price=66985.8, ask_size=2.81672169, bid_price=66985.7, bid_size=1.1125, last_trade=V1LastTrade(time_exchange=datetime.datetime(2024, 3, 6, 20, 45, 6, 627077, tzinfo=datetime.timezone.utc), time_coinapi=datetime.datetime(2024, 3, 6, 20, 45, 6, 783365, tzinfo=datetime.timezone.utc), uuid='4aa4ffcc-b693-430e-a66e-8a89f412b611', price=67000.0, size=0.00400759, taker_side='BUY')),
  ])
# ---
# name: test_get_v1_quotes_latest
  list([
    V1Quote(symbol_id='COINBASE_SPOT_BTC_USDT', time_exchange=datetime.datetime(2024, 3, 6, 20, 45, 27, 397870, tzinfo=datetime.timezone.utc), time_coinapi=datetime.datetime(2024, 3, 6, 20, 45, 27, 442265, tzinfo=datetime.timezone.utc), ask_price=66907.72, ask_size=0.03728876, bid_price=66900.44, bid_size=0.02506381),
    V1Quote(symbol_id='COINBASE_SPOT_BTC_USDT', time_exchange=datetime.datetime(2024, 3, 6, 20, 45, 27, 395191, tzinfo=datetime.timezone.utc), time_coinapi=datetime.datetime(2024, 3, 6, 20, 45, 27, 432735, tzinfo=datetime.timezone.utc), ask_price=66907.72, ask_size=0.03728876, bid_price=66900.44, bid_size=0.01506381),
    V1Quote(symbol_id='COINBASE_SPOT_BTC_USD', time_exchange=datetime.datetime(2024, 3, 6, 20, 45, 27, 367070, tzinfo=datetime.timezone.utc), time_coinapi=datetime.datetime(2024, 3, 6, 20, 45, 27, 402905, tzinfo=datetime.timezone.utc), ask_price=67071.49, ask_size=0.01742501, bid_price=67069.13, bid_size=0.02),
    V1Quote(symbol_id='COINBASE_SPOT_BTC_USD', time_exchange=datetime.datetime(2024, 3, 6, 20, 45, 27, 363011, tzinfo=datetime.timezone.utc), time_coinapi=datetime.datetime(2024, 3, 6, 20, 45, 27, 399542, tzinfo=datetime.timezone.utc), ask_price=67071.49, ask_size=0.01742501, bid_price=67069.09, bid_size=0.28954145),
    V1Quote(symbol_id='COINBASE_SPOT_BTC_USD', time_exchange=datetime.datetime(2024, 3, 6, 20, 45, 27, 362604, tzinfo=datetime.timezone.utc), time_coinapi=datetime.datetime(2024, 3, 6, 20, 45, 27, 398814, tzinfo=datetime.timezone.utc), ask_price=67071.49, ask_size=0.01742501, bid_price=67069.12, bid_size=0.00132589),
    V1Quote(symbol_id='COINBASE_SPOT_BTC_USD', time_exchange=datetime.datetime(2024, 3, 6, 20, 45, 27, 359402, tzinfo=datetime.timezone.utc), time_coinapi=datetime.datetime(2024, 3, 6, 20, 45, 27, 394278, tzinfo=datetime.timezone.utc), ask_price=67071.49, ask_size=0.01742501, bid_price=67069.13, bid_size=0.02),
    V1Quote(symbol_id='COINBASE_SPOT_BTC_USD', time_exchange=datetime.datetime(2024, 3, 6, 20, 45, 27, 317840, tzinfo=datetime.timezone.utc), time_coinapi=datetime.datetime(2024, 3, 6, 20, 45, 27, 350667, tzinfo=datetime.timezone.utc), ask_price=67071.49, ask_size=0.01742501, bid_price=67069.12, bid_size=0.00132589),
    V1Quote(symbol_id='COINBASE_SPOT_BTC_USD', time_exchange=datetime.datetime(2024, 3, 6, 20, 45, 27, 238224, tzinfo=datetime.timezone.utc), time_coinapi=datetime.datetime(2024, 3, 6, 20, 45, 27, 271073, tzinfo=datetime.timezone.utc), ask_price=67071.49, ask_size=0.01742501, bid_price=67069.11, bid_size=0.36),
    V1Quote(symbol_id='COINBASE_SPOT_BTC_USDT', time_exchange=datetime.datetime(2024, 3, 6, 20, 45, 27, 198397, tzinfo=datetime.timezone.utc), time_coinapi=datetime.datetime(2024, 3, 6, 20, 45, 27, 241386, tzinfo=datetime.timezone.utc), ask_price=66908.07, ask_size=0.01210801, bid_price=66900.32, bid_size=0.29835606),
    V1Quote(symbol_id='COINBASE_SPOT_BTC_USD', time_exchange=datetime.datetime(2024, 3, 6, 20, 45, 27, 182396, tzinfo=datetime.timezone.utc), time_coinapi=datetime.datetime(2024, 3, 6, 20, 45, 27, 215019, tzinfo=datetime.timezone.utc), ask_price=67071.49, ask_size=0.01742501, bid_price=67069.11, bid_size=0.38),
  ])
# ---
# name: test_get_v1_quotes_symbol_id_current
  V1QuoteTrade(symbol_id='KRAKEN_SPOT_BTC_USD', time_exchange=datetime.datetime(2024, 3, 6, 20, 45, 12, 611455, tzinfo=datetime.timezone.utc), time_coinapi=datetime.datetime(2024, 3, 6, 20, 45, 12, 635904, tzinfo=datetime.timezone.utc), ask_price=66985.8, ask_size=0.0105, bid_price=66985.7, bid_size=5.2318333, last_trade=V1LastTrade(time_exchange=datetime.datetime(2024, 3, 6, 20, 45, 11, 454115, tzinfo=datetime.timezone.utc), time_coinapi=datetime.datetime(2024, 3, 6, 20, 45, 11, 395495, tzinfo=datetime.timezone.utc), uuid='11531dc4-6818-449a-8caf-ca6d20e45a2e', price=66985.8, size=0.2, taker_side='BUY'))
# ---
# name: test_get_v1_quotes_symbol_id_history
  list([
    V1Quote(symbol_id='KRAKEN_SPOT_BTC_USD', time_exchange=datetime.datetime(2022, 1, 1, 0, 0, 0, 296377, tzinfo=datetime.timezone.utc), time_coinapi=datetime.datetime(2022, 1, 1, 0, 0, 0, 296377, tzinfo=datetime.timezone.utc), ask_price=46150.0, ask_size=43.89101382, bid_price=46149.9, bid_size=7.96955817),
    V1Quote(symbol_id='KRAKEN_SPOT_BTC_USD', time_exchange=datetime.datetime(2022, 1, 1, 0, 0, 0, 299510, tzinfo=datetime.timezone.utc), time_coinapi=datetime.datetime(2022, 1, 1, 0, 0, 0, 299510, tzinfo=datetime.timezone.utc), ask_price=46150.0, ask_size=43.89101382, bid_price=46149.9, bid_size=8.21955817),
    V1Quote(symbol_id='KRAKEN_SPOT_BTC_USD', time_exchange=datetime.datetime(2022, 1, 1, 0, 0, 1, 268873, tzinfo=datetime.timezone.utc), time_coinapi=datetime.datetime(2022, 1, 1, 0, 0, 1, 268873, tzinfo=datetime.timezone.utc), ask_price=46150.0, ask_size=43.84101382, bid_price=46149.9, bid_size=8.21955817),
    V1Quote(symbol_id='KRAKEN_SPOT_BTC_USD', time_exchange=datetime.datetime(2022, 1, 1, 0, 0, 1, 887076, tzinfo=datetime.timezone.utc), time_coinapi=datetime.datetime(2022, 1, 1, 0, 0, 1, 887076, tzinfo=datetime.timezone.utc), ask_price=46150.0, ask_size=43.83833382, bid_price=46149.9, bid_size=8.21955817),
    V1Quote(symbol_id='KRAKEN_SPOT_BTC_USD', time_exchange=datetime.datetime(2022, 1, 1, 0, 0, 2, 13636, tzinfo=datetime.timezone.utc), time_coinapi=datetime.datetime(2022, 1, 1, 0, 0, 2, 13636, tzinfo=datetime.timezone.utc), ask_price=46150.0, ask_size=43.83332841, bid_price=46149.9, bid_size=8.21955817),
    V1Quote(symbol_id='KRAKEN_SPOT_BTC_USD', time_exchange=datetime.datetime(2022, 1, 1, 0, 0, 3, 41397, tzinfo=datetime.timezone.utc), time_coinapi=datetime.datetime(2022, 1, 1, 0, 0, 3, 41397, tzinfo=datetime.timezone.utc), ask_price=46150.0, ask_size=43.82956217, bid_price=46149.9, bid_size=8.21955817),
    V1Quote(symbol_id='KRAKEN_SPOT_BTC_USD', time_exchange=datetime.datetime(2022, 1, 1, 0, 0, 3, 322463, tzinfo=datetime.timezone.utc), time_coinapi=datetime.datetime(2022, 1, 1, 0, 0, 3, 322463, tzinfo=datetime.timezone.utc), ask_price=46150.0, ask_size=43.82956217, bid_price=46149.9, bid_size=8.30298862),
    V1Quote(symbol_id='KRAKEN_SPOT_BTC_USD', time_exchange=datetime.datetime(2022, 1, 1, 0, 0, 3, 710541, tzinfo=datetime.timezone.utc), time_coinapi=datetime.datetime(2022, 1, 1, 0, 0, 3, 710541, tzinfo=datetime.timezone.utc), ask_price=46150.0, ask_size=43.82956217, bid_price=46149.9, bid_size=8.77548862),
    V1Quote(symbol_id='KRAKEN_SPOT_BTC_USD', time_exchange=datetime.datetime(2022, 1, 1, 0, 0, 4, 82628, tzinfo=datetime.timezone.utc), time_coinapi=datetime.datetime(2022, 1, 1, 0, 0, 4, 82628, tzinfo=datetime.timezone.utc), ask_price=46150.0, ask_size=43.82781298, bid_price=46149.9, bid_size=8.77548862),
    V1Quote(symbol_id='KRAKEN_SPOT_BTC_USD', time_exchange=datetime.datetime(2022, 1, 1, 0, 0, 6, 759651, tzinfo=datetime.timezone.utc), time_coinapi=datetime.datetime(2022, 1, 1, 0, 0, 6, 759651, tzinfo=datetime.timezone.utc), ask_price=46150.0, ask_size=43.82766171, bid_price=46149.9, bid_size=8.77548862),
  ])
# ---
# name: test_get_v1_quotes_symbol_id_latest
  list([
    V1Quote(symbol_id='KRAKEN_SPOT_BTC_USD', time_exchange=datetime.datetime(2024, 3, 6, 20, 45, 55, 950933, tzinfo=datetime.timezone.utc), time_coinapi=datetime.datetime(2024, 3, 6, 20, 45, 55, 889452, tzinfo=datetime.timezone.utc), ask_price=67059.6, ask_size=1.34385342, bid_price=67059.5, bid_size=8.17263798),
    V1Quote(symbol_id='KRAKEN_SPOT_BTC_USD', time_exchange=datetime.datetime(2024, 3, 6, 20, 45, 55, 577656, tzinfo=datetime.timezone.utc), time_coinapi=datetime.datetime(2024, 3, 6, 20, 45, 55, 518346, tzinfo=datetime.timezone.utc), ask_price=67059.6, ask_size=1.34456342, bid_price=67059.5, bid_size=8.17263798),
    V1Quote(symbol_id='KRAKEN_SPOT_BTC_USD', time_exchange=datetime.datetime(2024, 3, 6, 20, 45, 55, 27084, tzinfo=datetime.timezone.utc), time_coinapi=datetime.datetime(2024, 3, 6, 20, 45, 55, 215444, tzinfo=datetime.timezone.utc), ask_price=67059.6, ask_size=1.34385342, bid_price=67059.5, bid_size=8.17263798),
    V1Quote(symbol_id='KRAKEN_SPOT_BTC_USD', time_exchange=datetime.datetime(2024, 3, 6, 20, 45, 54, 994816, tzinfo=datetime.timezone.utc), time_coinapi=datetime.datetime(2024, 3, 6, 20, 45, 54, 940291, tzinfo=datetime.timezone.utc), ask_price=67059.6, ask_size=1.34385342, bid_price=67059.5, bid_size=8.03263798),
    V1Quote(symbol_id='KRAKEN_SPOT_BTC_USD', time_exchange=datetime.datetime(2024, 3, 6, 20, 45, 54, 987071, tzinfo=datetime.timezone.utc), time_coinapi=datetime.datetime(2024, 3, 6, 20, 45, 54, 935107, tzinfo=datetime.timezone.utc), ask_price=67059.6, ask_size=1.34385342, bid_price=67059.5, bid_size=7.93263798),
    V1Quote(symbol_id='KRAKEN_SPOT_BTC_USD', time_exchange=datetime.datetime(2024, 3, 6, 20, 45, 54, 987014, tzinfo=datetime.timezone.utc), time_coinapi=datetime.datetime(2024, 3, 6, 20, 45, 54, 934877, tzinfo=datetime.timezone.utc), ask_price=67059.6, ask_size=1.34385342, bid_price=67059.5, bid_size=8.03263798),
    V1Quote(symbol_id='KRAKEN_SPOT_BTC_USD', time_exchange=datetime.datetime(2024, 3, 6, 20, 45, 54, 977454, tzinfo=datetime.timezone.utc), time_coinapi=datetime.datetime(2024, 3, 6, 20, 45, 54, 928476, tzinfo=datetime.timezone.utc), ask_price=67059.6, ask_size=1.34385342, bid_price=67059.5, bid_size=7.93263798),
    V1Quote(symbol_id='KRAKEN_SPOT_BTC_USD', time_exchange=datetime.datetime(2024, 3, 6, 20, 45, 54, 750119, tzinfo=datetime.timezone.utc), time_coinapi=datetime.datetime(2024, 3, 6, 20, 45, 54, 699480, tzinfo=datetime.timezone.utc), ask_price=67059.6, ask_size=1.84385342, bid_price=67059.5, bid_size=7.93263798),
    V1Quote(symbol_id='KRAKEN_SPOT_BTC_USD', time_exchange=datetime.datetime(2024, 3, 6, 20, 45, 54, 615229, tzinfo=datetime.timezone.utc), time_coinapi=datetime.datetime(2024, 3, 6, 20, 45, 54, 558437, tzinfo=datetime.timezone.utc), ask_price=67059.6, ask_size=1.84385342, bid_price=67059.5, bid_size=6.44142496),
    V1Quote(symbol_id='KRAKEN_SPOT_BTC_USD', time_exchange=datetime.datetime(2024, 3, 6, 20, 45, 54, 562592, tzinfo=datetime.timezone.utc), time_coinapi=datetime.datetime(2024, 3, 6, 20, 45, 54, 513566, tzinfo=datetime.timezone.utc), ask_price=67059.6, ask_size=1.84385342, bid_price=67059.5, bid_size=6.54142496),
  ])
# ---
